// Jest Snapshot v1, https://goo.gl/fbAQLP

exports[`matches loading snapshot 1`] = `
<div
  id="loader"
  style={Object {}}
>
  <img
    alt="loading something..."
    className="loader"
    src="loader.gif"
  />
</div>
`;

exports[`matches not loading snapshot 1`] = `null`;
