// Jest Snapshot v1, https://goo.gl/fbAQLP

exports[`displays appropriate view on error 1`] = `
<div>
  <div />
</div>
`;

exports[`renders succesfully 1`] = `
<div>
  <div />
</div>
`;
